66.249.79.126 - - [20/Sep/2018:08:28:21 +0000] "GET /bldeas-college-of-engineering/vinay-patil/2bl17cs104/ HTTP/1.1" 200 3350 "-" "Mozilla/5.0 (compatible; Googlebot/2.1; +http://www.google.com/bot.html)"
66.249.79.122 - - [20/Sep/2018:08:28:21 +0000] "GET /cmr-institute-of-technology/sahil-singh-virdhi/1cr17ec168/ HTTP/1.1" 200 3369 "-" "Mozilla/5.0 (compatible; Googlebot/2.1; +http://www.google.com/bot.html)"
66.249.79.124 - - [20/Sep/2018:08:28:49 +0000] "GET /gopalan-college-of-engineering-management/1gd14cv401/2850593/result/ HTTP/1.1" 200 3275 "-" "Mozilla/5.0 (compatible; Googlebot/2.1; +http://www.google.com/bot.html)"
66.249.79.122 - - [20/Sep/2018:08:28:54 +0000] "GET /proudadevaraya-institute-of-technology/sushma-kanakeri/3pg17ec032/ HTTP/1.1" 200 3384 "-" "Mozilla/5.0 (compatible; Googlebot/2.1; +http://www.google.com/bot.html)"
66.249.79.126 - - [20/Sep/2018:08:29:29 +0000] "GET /proudadevaraya-institute-of-technology/syeda-nuha-shagufta/3pg17ec033/ HTTP/1.1" 200 3388 "-" "Mozilla/5.0 (compatible; Googlebot/2.1; +http://www.google.com/bot.html)"
66.249.79.126 - - [20/Sep/2018:08:30:02 +0000] "GET /jain-college-of-engineering/ravindra-milind-gurav/2ji17cv037/ HTTP/1.1" 200 3363 "-" "Mozilla/5.0 (compatible; Googlebot/2.1; +http://www.google.com/bot.html)"
66.249.79.122 - - [20/Sep/2018:08:30:38 +0000] "GET /cmr-institute-of-technology/bharanidharan-k/1cr17is019/ HTTP/1.1" 200 3389 "-" "Mozilla/5.0 (compatible; Googlebot/2.1; +http://www.google.com/bot.html)"
66.249.79.122 - - [20/Sep/2018:08:30:42 +0000] "GET /sjb-institute-of-technology/rajiv-k/1jb14cv413/ HTTP/1.1" 200 3681 "-" "Mozilla/5.0 (Linux; Android 6.0.1; Nexus 5X Build/MMB29P) AppleWebKit/537.36 (KHTML, like Gecko) Chrome/41.0.2272.96 Mobile Safari/537.36 (compatible; Googlebot/2.1; +http://www.google.com/bot.html)"
40.77.167.110 - - [20/Sep/2018:08:31:09 +0000] "GET /sitemap-jain-institute-of-technology-1.xml HTTP/1.1" 200 95236 "-" "Mozilla/5.0 (compatible; bingbot/2.0; +http://www.bing.com/bingbot.htm)"
66.249.79.126 - - [20/Sep/2018:08:31:11 +0000] "GET /vivekananda-college-of-engineering-and-technology/lakshmeesha-c-s/4vp17cv019/ HTTP/1.1" 200 3378 "-" "Mozilla/5.0 (compatible; Googlebot/2.1; +http://www.google.com/bot.html)"
66.249.79.122 - - [20/Sep/2018:08:31:28 +0000] "GET /c-byregowda-insititute-of-technology/mayura-j-v/1ck14me044/ HTTP/1.1" 200 3595 "-" "Mozilla/5.0 (compatible; Googlebot/2.1; +http://www.google.com/bot.html)"
66.249.79.122 - - [20/Sep/2018:08:31:46 +0000] "GET /vishwanatha-rao-deshpande-rural-institute-of-technology/shifa-samreen-savadatti/2vd17cs036/ HTTP/1.1" 200 3434 "-" "Mozilla/5.0 (compatible; Googlebot/2.1; +http://www.google.com/bot.html)"
66.249.79.126 - - [20/Sep/2018:08:32:19 +0000] "GET /cmr-institute-of-technology/nethravathi-r/1cr17ec119/ HTTP/1.1" 200 3362 "-" "Mozilla/5.0 (compatible; Googlebot/2.1; +http://www.google.com/bot.html)"
66.249.79.124 - - [20/Sep/2018:08:32:29 +0000] "GET /rural-engineering-college-hulkoti/2rh09cv404/1157618/result/ HTTP/1.1" 200 3262 "-" "Mozilla/5.0 (compatible; Googlebot/2.1; +http://www.google.com/bot.html)"
66.249.79.122 - - [20/Sep/2018:08:32:38 +0000] "GET /sitemap-sri-dharmasthal-manjunatheshwar-institute-of-technology-1.xml.gz HTTP/1.1" 200 804224 "-" "Mozilla/5.0 (compatible; Googlebot/2.1; +http://www.google.com/bot.html)"
66.249.79.122 - - [20/Sep/2018:08:32:53 +0000] "GET /cmr-institute-of-technology/swathi-u-s/1cr17ec196/ HTTP/1.1" 200 3384 "-" "Mozilla/5.0 (compatible; Googlebot/2.1; +http://www.google.com/bot.html)"
66.249.79.126 - - [20/Sep/2018:08:33:30 +0000] "GET /cmr-institute-of-technology/akash-deep/1cr17ec015/ HTTP/1.1" 200 3356 "-" "Mozilla/5.0 (compatible; Googlebot/2.1; +http://www.google.com/bot.html)"
66.249.79.122 - - [20/Sep/2018:08:33:34 +0000] "GET /sjb-institute-of-technology/prema-h/1jb14ec068/ HTTP/1.1" 200 3366 "-" "Mozilla/5.0 (Linux; Android 6.0.1; Nexus 5X Build/MMB29P) AppleWebKit/537.36 (KHTML, like Gecko) Chrome/41.0.2272.96 Mobile Safari/537.36 (compatible; Googlebot/2.1; +http://www.google.com/bot.html)"
66.249.79.122 - - [20/Sep/2018:08:33:49 +0000] "GET /sitemap-sahyadri-institute-of-technology-management-1.xml HTTP/1.1" 200 1240330 "-" "Mozilla/5.0 (compatible; Googlebot/2.1; +http://www.google.com/bot.html)"
66.249.79.126 - - [20/Sep/2018:08:34:01 +0000] "GET /jawaharlal-nehru-national-college-of-enginering/chetan-swaroop-g-p/4jn17me021/ HTTP/1.1" 200 3399 "-" "Mozilla/5.0 (compatible; Googlebot/2.1; +http://www.google.com/bot.html)"
207.46.13.126 - - [20/Sep/2018:08:34:09 +0000] "GET /no-result/4gh10me023/ HTTP/1.1" 200 2726 "-" "Mozilla/5.0 (compatible; bingbot/2.0; +http://www.bing.com/bingbot.htm)"
207.46.13.216 - - [20/Sep/2018:08:34:46 +0000] "GET /no-result/1sv10ec018/ HTTP/1.1" 200 2725 "-" "Mozilla/5.0 (compatible; bingbot/2.0; +http://www.bing.com/bingbot.htm)"
66.249.79.124 - - [20/Sep/2018:08:36:09 +0000] "GET /anjuman-institute-of-technology-and-management/ganesh-bhatrahitla/2ab10ec400/ HTTP/1.1" 200 3745 "-" "Mozilla/5.0 (compatible; Googlebot/2.1; +http://www.google.com/bot.html)"
66.249.79.122 - - [20/Sep/2018:08:37:58 +0000] "GET /sjb-institute-of-technology/saadiya/1jb14ec080/ HTTP/1.1" 200 3395 "-" "Mozilla/5.0 (Linux; Android 6.0.1; Nexus 5X Build/MMB29P) AppleWebKit/537.36 (KHTML, like Gecko) Chrome/41.0.2272.96 Mobile Safari/537.36 (compatible; Googlebot/2.1; +http://www.google.com/bot.html)"
66.249.79.122 - - [20/Sep/2018:08:38:22 +0000] "GET /ads.txt HTTP/1.1" 404 107 "-" "Mozilla/5.0 (compatible; Googlebot/2.1; +http://www.google.com/bot.html)"
66.249.79.122 - - [20/Sep/2018:08:38:27 +0000] "GET /cmr-institute-of-technology/ritika-kumari/1cr17ec156/ HTTP/1.1" 200 3362 "-" "Mozilla/5.0 (compatible; Googlebot/2.1; +http://www.google.com/bot.html)"
66.249.79.122 - - [20/Sep/2018:08:38:55 +0000] "GET /s-g-balekundri-inst-of-tech/saniya-jamadar/2bu17ee018/ HTTP/1.1" 200 3400 "-" "Mozilla/5.0 (compatible; Googlebot/2.1; +http://www.google.com/bot.html)"
40.77.167.108 - - [20/Sep/2018:08:38:58 +0000] "GET /no-result/1sv11mmd01/ HTTP/1.1" 200 2725 "-" "Mozilla/5.0 (compatible; bingbot/2.0; +http://www.bing.com/bingbot.htm)"
66.249.79.126 - - [20/Sep/2018:08:39:20 +0000] "GET /sjb-institute-of-technology/manoj-n/1jb17me031/ HTTP/1.1" 200 3340 "-" "Mozilla/5.0 (Linux; Android 6.0.1; Nexus 5X Build/MMB29P) AppleWebKit/537.36 (KHTML, like Gecko) Chrome/41.0.2272.96 Mobile Safari/537.36 (compatible; Googlebot/2.1; +http://www.google.com/bot.html)"
66.249.79.124 - - [20/Sep/2018:08:39:26 +0000] "GET /bahubali-college-of-engineering/sathyamangal/4bb17cv023/ HTTP/1.1" 200 3390 "-" "Mozilla/5.0 (compatible; Googlebot/2.1; +http://www.google.com/bot.html)"
40.77.167.110 - - [20/Sep/2018:08:39:32 +0000] "GET /no-result/2sr13mmd12/ HTTP/1.1" 200 2731 "-" "Mozilla/5.0 (compatible; bingbot/2.0; +http://www.bing.com/bingbot.htm)"
66.249.79.122 - - [20/Sep/2018:08:39:49 +0000] "GET /bnminstitute-of-technology/1bg12cs046/148060/result/ HTTP/1.1" 200 3270 "-" "Mozilla/5.0 (compatible; Googlebot/2.1; +http://www.google.com/bot.html)"
66.249.79.122 - - [20/Sep/2018:08:39:58 +0000] "GET /alvas-inst-of-engg-and-technology/aditya-rathore/4al17me005/ HTTP/1.1" 200 3369 "-" "Mozilla/5.0 (compatible; Googlebot/2.1; +http://www.google.com/bot.html)"
66.249.79.122 - - [20/Sep/2018:08:40:28 +0000] "GET /nie-inst-of-technology/gururaj-biradar/4nn17ec008/ HTTP/1.1" 200 3356 "-" "Mozilla/5.0 (compatible; Googlebot/2.1; +http://www.google.com/bot.html)"
66.249.79.126 - - [20/Sep/2018:08:41:01 +0000] "GET /alvas-inst-of-engg-and-technology/bharath-b-d/4al17me015/ HTTP/1.1" 200 3405 "-" "Mozilla/5.0 (compatible; Googlebot/2.1; +http://www.google.com/bot.html)"
40.77.167.110 - - [20/Sep/2018:08:41:33 +0000] "GET /no-result/1cr16mca24/ HTTP/1.1" 200 2725 "-" "Mozilla/5.0 (compatible; bingbot/2.0; +http://www.bing.com/bingbot.htm)"
66.249.79.124 - - [20/Sep/2018:08:41:34 +0000] "GET /jain-college-of-engineering/jyoti-paramappa-kalikeri/2ji17cv016/ HTTP/1.1" 200 3360 "-" "Mozilla/5.0 (compatible; Googlebot/2.1; +http://www.google.com/bot.html)"
66.249.79.124 - - [20/Sep/2018:08:42:08 +0000] "GET /jain-institute-of-technology/mohammed-sufiyan-khadaklat/4jd17cv050/ HTTP/1.1" 200 3375 "-" "Mozilla/5.0 (compatible; Googlebot/2.1; +http://www.google.com/bot.html)"
66.249.79.122 - - [20/Sep/2018:08:42:32 +0000] "GET /sitemap-dayananda-sagar-college-of-engineering-1.xml.gz HTTP/1.1" 200 2092905 "-" "Mozilla/5.0 (compatible; Googlebot/2.1; +http://www.google.com/bot.html)"
1.39.165.193 - - [20/Sep/2018:08:43:00 +0000] "GET /sitemap-acharaya-patha-shalaaps-college-of-engg-1.xml HTTP/1.1" 200 480222 "-" "libtorrent/1.1.6.0"
66.249.79.124 - - [20/Sep/2018:08:43:02 +0000] "GET /sjb-institute-of-technology/sunay-c/1jb10ec108/ HTTP/1.1" 200 3496 "-" "Mozilla/5.0 (Linux; Android 6.0.1; Nexus 5X Build/MMB29P) AppleWebKit/537.36 (KHTML, like Gecko) Chrome/41.0.2272.96 Mobile Safari/537.36 (compatible; Googlebot/2.1; +http://www.google.com/bot.html)"
66.249.79.126 - - [20/Sep/2018:08:43:06 +0000] "GET /alvas-inst-of-engg-and-technology/shantha-kumar-n/4al17me059/ HTTP/1.1" 200 3368 "-" "Mozilla/5.0 (compatible; Googlebot/2.1; +http://www.google.com/bot.html)"
66.249.79.124 - - [20/Sep/2018:08:43:08 +0000] "GET /cmr-institute-of-technology/tanush-rustgi/1cr17ec202/ HTTP/1.1" 200 3361 "-" "Mozilla/5.0 (compatible; Googlebot/2.1; +http://www.google.com/bot.html)"
216.244.66.246 - - [20/Sep/2018:08:43:25 +0000] "GET /oauth/oauthlogin/?type=google&next_url=/college-information/23/cmr-institute-of-technology/ HTTP/1.1" 302 0 "-" "Mozilla/5.0 (compatible; DotBot/1.1; http://www.opensiteexplorer.org/dotbot, help@moz.com)"
66.249.79.122 - - [20/Sep/2018:08:43:28 +0000] "GET /guru-nanak-dev-engineering-college/sudheer/3gn09me098/ HTTP/1.1" 200 3626 "-" "Mozilla/5.0 (compatible; Googlebot/2.1; +http://www.google.com/bot.html)"
66.249.79.122 - - [20/Sep/2018:08:43:41 +0000] "GET /s-g-balekundri-inst-of-tech/aditya-k-gudaganatti/2bu17me007/ HTTP/1.1" 200 3363 "-" "Mozilla/5.0 (compatible; Googlebot/2.1; +http://www.google.com/bot.html)"
66.249.79.124 - - [20/Sep/2018:08:44:12 +0000] "GET /bahubali-college-of-engineering/jafar-s-amminabhavi/4bb17cv406/ HTTP/1.1" 200 3409 "-" "Mozilla/5.0 (compatible; Googlebot/2.1; +http://www.google.com/bot.html)"
66.249.79.124 - - [20/Sep/2018:08:45:04 +0000] "GET /sjb-institute-of-technology/veena-p/1jb09ec095/ HTTP/1.1" 200 3474 "-" "Mozilla/5.0 (Linux; Android 6.0.1; Nexus 5X Build/MMB29P) AppleWebKit/537.36 (KHTML, like Gecko) Chrome/41.0.2272.96 Mobile Safari/537.36 (compatible; Googlebot/2.1; +http://www.google.com/bot.html)"
40.77.167.108 - - [20/Sep/2018:08:45:09 +0000] "GET /sitemap/1-36/xml/ HTTP/1.1" 500 7117 "-" "Mozilla/5.0 (compatible; bingbot/2.0; +http://www.bing.com/bingbot.htm)"
66.249.79.122 - - [20/Sep/2018:08:46:20 +0000] "GET /t-john-institute-of-technology/arfad-mohammed/1tj14cs014/ HTTP/1.1" 200 3581 "-" "Mozilla/5.0 (compatible; Googlebot/2.1; +http://www.google.com/bot.html)"
157.33.234.238 - - [20/Sep/2018:08:46:32 +0000] "GET /api/result/2ji14me404/ HTTP/2.0" 200 1842 "-" "Mozilla/5.0 (Linux; Android 6.0; Lenovo A7020a48 Build/MRA58K; wv) AppleWebKit/537.36 (KHTML, like Gecko) Version/4.0 Chrome/50.0.2661.86 Mobile Safari/537.36"
216.244.66.246 - - [20/Sep/2018:08:46:35 +0000] "GET /oauth/oauthlogin/?type=google&next_url=/college-information/91/alvas-inst-of-engg-and-technology/ HTTP/1.1" 302 0 "-" "Mozilla/5.0 (compatible; DotBot/1.1; http://www.opensiteexplorer.org/dotbot, help@moz.com)"
66.249.79.122 - - [20/Sep/2018:08:46:58 +0000] "GET /govt-engineering-college-raichur/vishwanath/3gu14ec441/ HTTP/1.1" 200 3619 "-" "Mozilla/5.0 (compatible; Googlebot/2.1; +http://www.google.com/bot.html)"
66.249.79.126 - - [20/Sep/2018:08:47:09 +0000] "GET /gopalan-college-of-engineering-management/1gd13cs031/2850948/result/ HTTP/1.1" 200 3285 "-" "Mozilla/5.0 (compatible; Googlebot/2.1; +http://www.google.com/bot.html)"
66.249.79.124 - - [20/Sep/2018:08:47:44 +0000] "GET /east-point-college-of-engineering-and-technology/santhrupthi-c-goudappanavar/1ep14is092/ HTTP/1.1" 200 3559 "-" "Mozilla/5.0 (compatible; Googlebot/2.1; +http://www.google.com/bot.html)"
66.249.79.122 - - [20/Sep/2018:08:47:57 +0000] "GET /sjb-institute-of-technology/datta-t/1jb13lvs04/ HTTP/1.1" 200 3256 "-" "Mozilla/5.0 (Linux; Android 6.0.1; Nexus 5X Build/MMB29P) AppleWebKit/537.36 (KHTML, like Gecko) Chrome/41.0.2272.96 Mobile Safari/537.36 (compatible; Googlebot/2.1; +http://www.google.com/bot.html)"
60.191.38.77 - - [20/Sep/2018:08:48:12 +0000] "GET / HTTP/1.1" 301 194 "-" "Mozilla/5.0 (Macintosh; Intel Mac OS X 10.11; rv:47.0) Gecko/20100101 Firefox/47.0"
66.249.79.122 - - [20/Sep/2018:08:48:12 +0000] "GET /sitemap-city-engineering-college-1.xml HTTP/1.1" 200 539483 "-" "Mozilla/5.0 (compatible; Googlebot/2.1; +http://www.google.com/bot.html)"
66.249.79.122 - - [20/Sep/2018:08:48:23 +0000] "GET /kle-college-of-eng-and-technology-chikodi/veerendra-kotabagi/2kd17cv057/ HTTP/1.1" 200 3421 "-" "Mozilla/5.0 (compatible; Googlebot/2.1; +http://www.google.com/bot.html)"
66.249.79.122 - - [20/Sep/2018:08:48:42 +0000] "GET /cmr-institute-of-technology/prarthana-p/1cr17ec142/ HTTP/1.1" 200 3356 "-" "Mozilla/5.0 (compatible; Googlebot/2.1; +http://www.google.com/bot.html)"
66.249.79.122 - - [20/Sep/2018:08:48:51 +0000] "GET /kns-institute-of-technology/arbinaz-s/1kn16cs012/ HTTP/1.1" 200 3387 "-" "Mozilla/5.0 (compatible; Googlebot/2.1; +http://www.google.com/bot.html)"
66.249.79.122 - - [20/Sep/2018:08:49:15 +0000] "GET /pacollege-of-engineering/mohammed-sehil-e/4pa13ee016/ HTTP/1.1" 200 3470 "-" "Mozilla/5.0 (Linux; Android 6.0.1; Nexus 5X Build/MMB29P) AppleWebKit/537.36 (KHTML, like Gecko) Chrome/41.0.2272.96 Mobile Safari/537.36 (compatible; Googlebot/2.1; +http://www.google.com/bot.html)"
207.46.13.126 - - [20/Sep/2018:08:49:16 +0000] "GET /sitemap-yellamma-dasappa-institute-of-technology-1.xml HTTP/1.1" 200 308257 "-" "Mozilla/5.0 (compatible; bingbot/2.0; +http://www.bing.com/bingbot.htm)"
66.249.79.124 - - [20/Sep/2018:08:49:47 +0000] "GET /proudadevaraya-institute-of-technology/samreen-shahistha-banu/3pg17ec028/ HTTP/1.1" 200 3395 "-" "Mozilla/5.0 (compatible; Googlebot/2.1; +http://www.google.com/bot.html)"
66.249.79.124 - - [20/Sep/2018:08:50:18 +0000] "GET /cmr-institute-of-technology/beeram-aishwaryalakshmi/1cr17ec044/ HTTP/1.1" 200 3379 "-" "Mozilla/5.0 (compatible; Googlebot/2.1; +http://www.google.com/bot.html)"
66.249.79.124 - - [20/Sep/2018:08:50:48 +0000] "GET /bgsinstitute-of-techonology/thejas-m-n/4bw17ec105/ HTTP/1.1" 200 3389 "-" "Mozilla/5.0 (compatible; Googlebot/2.1; +http://www.google.com/bot.html)"
66.249.79.122 - - [20/Sep/2018:08:50:49 +0000] "GET /sjb-institute-of-technology/hamsa-p/1jb11ec030/ HTTP/1.1" 200 3482 "-" "Mozilla/5.0 (Linux; Android 6.0.1; Nexus 5X Build/MMB29P) AppleWebKit/537.36 (KHTML, like Gecko) Chrome/41.0.2272.96 Mobile Safari/537.36 (compatible; Googlebot/2.1; +http://www.google.com/bot.html)"
66.249.79.122 - - [20/Sep/2018:08:50:50 +0000] "GET /proudadevaraya-institute-of-technology/shravani-d-s/3pg17ec030/ HTTP/1.1" 200 3378 "-" "Mozilla/5.0 (compatible; Googlebot/2.1; +http://www.google.com/bot.html)"
66.249.79.124 - - [20/Sep/2018:08:51:21 +0000] "GET /vishwanatha-rao-deshpande-rural-institute-of-technology/vijayalaxmi-patil/2vd17cs048/ HTTP/1.1" 200 3416 "-" "Mozilla/5.0 (compatible; Googlebot/2.1; +http://www.google.com/bot.html)"
66.249.79.122 - - [20/Sep/2018:08:51:53 +0000] "GET /vivekananda-college-of-engineering-and-technology/k-k-kavya/4vp17cv017/ HTTP/1.1" 200 3366 "-" "Mozilla/5.0 (compatible; Googlebot/2.1; +http://www.google.com/bot.html)"
66.249.79.126 - - [20/Sep/2018:08:52:27 +0000] "GET /cmr-institute-of-technology/saurav-sagar/1cr17is082/ HTTP/1.1" 200 3388 "-" "Mozilla/5.0 (compatible; Googlebot/2.1; +http://www.google.com/bot.html)"
207.46.13.126 - - [20/Sep/2018:08:53:09 +0000] "GET /sitemap-maratha-mandals-engineering-college-1.xml HTTP/1.1" 200 432084 "-" "Mozilla/5.0 (compatible; bingbot/2.0; +http://www.bing.com/bingbot.htm)"
66.249.79.124 - - [20/Sep/2018:08:53:30 +0000] "GET /jain-college-of-engineering/varsha-mahadev-bastawade/2ji17cv057/ HTTP/1.1" 200 3357 "-" "Mozilla/5.0 (compatible; Googlebot/2.1; +http://www.google.com/bot.html)"
66.249.79.122 - - [20/Sep/2018:08:53:41 +0000] "GET /sjb-institute-of-technology/divya-g/1jb10ee012/ HTTP/1.1" 200 3483 "-" "Mozilla/5.0 (Linux; Android 6.0.1; Nexus 5X Build/MMB29P) AppleWebKit/537.36 (KHTML, like Gecko) Chrome/41.0.2272.96 Mobile Safari/537.36 (compatible; Googlebot/2.1; +http://www.google.com/bot.html)"
66.249.79.126 - - [20/Sep/2018:08:54:01 +0000] "GET /vivekananda-college-of-engineering-and-technology/madakari-s/4vp17cv021/ HTTP/1.1" 200 3371 "-" "Mozilla/5.0 (compatible; Googlebot/2.1; +http://www.google.com/bot.html)"
40.77.167.110 - - [20/Sep/2018:08:54:28 +0000] "GET /no-result/4gh10cv025/ HTTP/1.1" 200 2723 "-" "Mozilla/5.0 (compatible; bingbot/2.0; +http://www.bing.com/bingbot.htm)"
66.249.79.122 - - [20/Sep/2018:08:54:28 +0000] "GET /bgsinstitute-of-techonology/darshini-y/4bw14cs013/ HTTP/1.1" 200 3369 "-" "Mozilla/5.0 (compatible; Googlebot/2.1; +http://www.google.com/bot.html)"
66.249.79.122 - - [20/Sep/2018:08:54:39 +0000] "GET /dr-sri-sri-sri-shivkumar-mahaswamy-college-of-engg/bharath-kumar-g-b/1cc15me014/ HTTP/1.1" 200 3381 "-" "Mozilla/5.0 (compatible; Googlebot/2.1; +http://www.google.com/bot.html)"
66.249.79.122 - - [20/Sep/2018:08:54:52 +0000] "GET /moodlakatti-institute-of-techonology/umesha-kulala/4mk14cv046/ HTTP/1.1" 200 3545 "-" "Mozilla/5.0 (compatible; Googlebot/2.1; +http://www.google.com/bot.html)"
66.249.79.122 - - [20/Sep/2018:08:56:03 +0000] "GET /sitemap-kle-college-of-eng-and-technology-chikodi-1.xml HTTP/1.1" 200 581865 "-" "Mozilla/5.0 (compatible; Googlebot/2.1; +http://www.google.com/bot.html)"
66.249.79.122 - - [20/Sep/2018:08:57:34 +0000] "GET /sjb-institute-of-technology/sunil-g/1jb14me106/ HTTP/1.1" 200 3342 "-" "Mozilla/5.0 (Linux; Android 6.0.1; Nexus 5X Build/MMB29P) AppleWebKit/537.36 (KHTML, like Gecko) Chrome/41.0.2272.96 Mobile Safari/537.36 (compatible; Googlebot/2.1; +http://www.google.com/bot.html)"
66.249.79.124 - - [20/Sep/2018:08:58:05 +0000] "GET /agm-rural-college-of-engineering-technology/shobha-manjunatha-nagashetti/2av14ec047/ HTTP/1.1" 200 3522 "-" "Mozilla/5.0 (compatible; Googlebot/2.1; +http://www.google.com/bot.html)"
66.249.79.122 - - [20/Sep/2018:08:58:08 +0000] "GET /rural-engineering-college-hulkoti/2rh11cv016/1950999/result/ HTTP/1.1" 200 3256 "-" "Mozilla/5.0 (compatible; Googlebot/2.1; +http://www.google.com/bot.html)"
66.249.79.124 - - [20/Sep/2018:08:58:11 +0000] "GET /vishwanatha-rao-deshpande-rural-institute-of-technology/naveena-devadiga/2vd17cs021/ HTTP/1.1" 200 3412 "-" "Mozilla/5.0 (compatible; Googlebot/2.1; +http://www.google.com/bot.html)"
66.249.79.122 - - [20/Sep/2018:08:58:12 +0000] "GET /s-g-balekundri-inst-of-tech/bhushan-vidyadhar-velangi/2bu17me018/ HTTP/1.1" 200 3370 "-" "Mozilla/5.0 (compatible; Googlebot/2.1; +http://www.google.com/bot.html)"
66.249.79.122 - - [20/Sep/2018:08:58:43 +0000] "GET /jawaharlal-nehru-national-college-of-enginering/satyam-kumar/4jn17me086/ HTTP/1.1" 200 3377 "-" "Mozilla/5.0 (compatible; Googlebot/2.1; +http://www.google.com/bot.html)"
66.249.79.124 - - [20/Sep/2018:08:59:15 +0000] "GET /jain-college-of-engineering/ravi-hucharaddi/2ji17cv036/ HTTP/1.1" 200 3344 "-" "Mozilla/5.0 (compatible; Googlebot/2.1; +http://www.google.com/bot.html)"
66.249.79.124 - - [20/Sep/2018:08:59:47 +0000] "GET /alvas-inst-of-engg-and-technology/inamdar-pavan-raghavendra/4al17me028/ HTTP/1.1" 200 3383 "-" "Mozilla/5.0 (compatible; Googlebot/2.1; +http://www.google.com/bot.html)"
66.249.79.122 - - [20/Sep/2018:09:00:19 +0000] "GET /cmr-institute-of-technology/bindu-r/1cr17ec048/ HTTP/1.1" 200 3348 "-" "Mozilla/5.0 (compatible; Googlebot/2.1; +http://www.google.com/bot.html)"
66.249.79.124 - - [20/Sep/2018:09:00:50 +0000] "GET /acharaya-institute-of-technology/ananya-moitra/1ay15ee008/ HTTP/1.1" 200 3408 "-" "Mozilla/5.0 (compatible; Googlebot/2.1; +http://www.google.com/bot.html)"
66.249.79.122 - - [20/Sep/2018:09:00:50 +0000] "GET /cmr-institute-of-technology/anju-sunil/1cr17ec024/ HTTP/1.1" 200 3357 "-" "Mozilla/5.0 (compatible; Googlebot/2.1; +http://www.google.com/bot.html)"
66.249.79.124 - - [20/Sep/2018:09:01:25 +0000] "GET /proudadevaraya-institute-of-technology/naresha-n/3pg17cs021/ HTTP/1.1" 200 3382 "-" "Mozilla/5.0 (compatible; Googlebot/2.1; +http://www.google.com/bot.html)"
66.249.79.122 - - [20/Sep/2018:09:01:48 +0000] "GET /bgsinstitute-of-techonology/bhavani-ms/4bw11is004/ HTTP/1.1" 200 3582 "-" "Mozilla/5.0 (compatible; Googlebot/2.1; +http://www.google.com/bot.html)"
66.249.79.122 - - [20/Sep/2018:09:01:54 +0000] "GET /agm-rural-college-of-engineering-technology/sandriya/2av17cv010/ HTTP/1.1" 200 3369 "-" "Mozilla/5.0 (compatible; Googlebot/2.1; +http://www.google.com/bot.html)"
66.249.79.124 - - [20/Sep/2018:09:02:26 +0000] "GET /proudadevaraya-institute-of-technology/rudragouda-b/3pg17cs029/ HTTP/1.1" 200 3375 "-" "Mozilla/5.0 (compatible; Googlebot/2.1; +http://www.google.com/bot.html)"
66.249.79.122 - - [20/Sep/2018:09:02:44 +0000] "GET /sjb-institute-of-technology/niteshm/1jb14cs092/ HTTP/1.1" 200 3352 "-" "Mozilla/5.0 (Linux; Android 6.0.1; Nexus 5X Build/MMB29P) AppleWebKit/537.36 (KHTML, like Gecko) Chrome/41.0.2272.96 Mobile Safari/537.36 (compatible; Googlebot/2.1; +http://www.google.com/bot.html)"
66.249.79.122 - - [20/Sep/2018:09:02:58 +0000] "GET /cmr-institute-of-technology/udaya-kumar-s/1cr17is104/ HTTP/1.1" 200 3392 "-" "Mozilla/5.0 (compatible; Googlebot/2.1; +http://www.google.com/bot.html)"
66.249.79.124 - - [20/Sep/2018:09:03:30 +0000] "GET /kalpataru-institute-of-technology/shiva-kumar-s/1ki17me034/ HTTP/1.1" 200 3401 "-" "Mozilla/5.0 (compatible; Googlebot/2.1; +http://www.google.com/bot.html)"
40.77.167.108 - - [20/Sep/2018:09:04:06 +0000] "GET /no-result/1kn11ec046/ HTTP/1.1" 200 2726 "-" "Mozilla/5.0 (compatible; bingbot/2.0; +http://www.bing.com/bingbot.htm)"
207.46.13.216 - - [20/Sep/2018:09:04:10 +0000] "GET /no-result/2ka15cv061/ HTTP/1.1" 200 2725 "-" "Mozilla/5.0 (compatible; bingbot/2.0; +http://www.bing.com/bingbot.htm)"
66.249.79.122 - - [20/Sep/2018:09:05:11 +0000] "GET /sjb-institute-of-technology/ramya-t/1jb11cs417/ HTTP/1.1" 200 3475 "-" "Mozilla/5.0 (Linux; Android 6.0.1; Nexus 5X Build/MMB29P) AppleWebKit/537.36 (KHTML, like Gecko) Chrome/41.0.2272.96 Mobile Safari/537.36 (compatible; Googlebot/2.1; +http://www.google.com/bot.html)"
66.249.79.122 - - [20/Sep/2018:09:05:28 +0000] "GET /kle-institute-of-tech-hubli/2ke13me029/2779332/result/ HTTP/1.1" 200 3261 "-" "Mozilla/5.0 (compatible; Googlebot/2.1; +http://www.google.com/bot.html)"
27.97.64.34 - - [20/Sep/2018:09:06:07 +0000] "GET /api/result/1ay12au009 HTTP/2.0" 301 137 "-" "Mozilla/5.0 (Linux; Android 8.1.0; Pixel Build/OPM4.171019.021.P1; wv) AppleWebKit/537.36 (KHTML, like Gecko) Version/4.0 Chrome/67.0.3396.81 Mobile Safari/537.36"
27.97.64.34 - - [20/Sep/2018:09:06:07 +0000] "GET /api/result/1ay12au009/ HTTP/2.0" 200 2435 "-" "Mozilla/5.0 (Linux; Android 8.1.0; Pixel Build/OPM4.171019.021.P1; wv) AppleWebKit/537.36 (KHTML, like Gecko) Version/4.0 Chrome/67.0.3396.81 Mobile Safari/537.36"
27.97.64.34 - - [20/Sep/2018:09:06:08 +0000] "GET /api/result/1ay12au009/ HTTP/2.0" 200 2435 "-" "Mozilla/5.0 (Linux; Android 8.1.0; Pixel Build/OPM4.171019.021.P1; wv) AppleWebKit/537.36 (KHTML, like Gecko) Version/4.0 Chrome/67.0.3396.81 Mobile Safari/537.36"
207.46.13.216 - - [20/Sep/2018:09:06:24 +0000] "GET /no-result/1am13me011/ HTTP/1.1" 200 2724 "-" "Mozilla/5.0 (compatible; bingbot/2.0; +http://www.bing.com/bingbot.htm)"
27.97.64.34 - - [20/Sep/2018:09:06:32 +0000] "GET /api/result/1ay12au009/6/1 HTTP/2.0" 301 140 "-" "Mozilla/5.0 (Linux; Android 8.1.0; Pixel Build/OPM4.171019.021.P1; wv) AppleWebKit/537.36 (KHTML, like Gecko) Version/4.0 Chrome/67.0.3396.81 Mobile Safari/537.36"
27.97.64.34 - - [20/Sep/2018:09:06:32 +0000] "GET /api/result/1ay12au009/6/1/ HTTP/2.0" 200 1638 "-" "Mozilla/5.0 (Linux; Android 8.1.0; Pixel Build/OPM4.171019.021.P1; wv) AppleWebKit/537.36 (KHTML, like Gecko) Version/4.0 Chrome/67.0.3396.81 Mobile Safari/537.36"
27.97.65.94 - - [20/Sep/2018:09:06:45 +0000] "GET /api/result/1ay12au009/ HTTP/2.0" 200 2435 "-" "Mozilla/5.0 (Linux; Android 8.1.0; Pixel Build/OPM4.171019.021.P1; wv) AppleWebKit/537.36 (KHTML, like Gecko) Version/4.0 Chrome/67.0.3396.81 Mobile Safari/537.36"
66.249.79.126 - - [20/Sep/2018:09:06:54 +0000] "GET /amc-engineering-college/kishornc/1am15ec055/ HTTP/1.1" 200 3369 "-" "Mozilla/5.0 (compatible; Googlebot/2.1; +http://www.google.com/bot.html)"
27.97.65.94 - - [20/Sep/2018:09:06:58 +0000] "GET /api/result/1ay12au009/8/1 HTTP/2.0" 301 140 "-" "Mozilla/5.0 (Linux; Android 8.1.0; Pixel Build/OPM4.171019.021.P1; wv) AppleWebKit/537.36 (KHTML, like Gecko) Version/4.0 Chrome/67.0.3396.81 Mobile Safari/537.36"
27.97.65.94 - - [20/Sep/2018:09:06:58 +0000] "GET /api/result/1ay12au009/8/1/ HTTP/2.0" 200 1314 "-" "Mozilla/5.0 (Linux; Android 8.1.0; Pixel Build/OPM4.171019.021.P1; wv) AppleWebKit/537.36 (KHTML, like Gecko) Version/4.0 Chrome/67.0.3396.81 Mobile Safari/537.36"
66.249.79.122 - - [20/Sep/2018:09:08:03 +0000] "GET /sjb-institute-of-technology/sunil-s/1jb12is106/ HTTP/1.1" 200 3688 "-" "Mozilla/5.0 (Linux; Android 6.0.1; Nexus 5X Build/MMB29P) AppleWebKit/537.36 (KHTML, like Gecko) Chrome/41.0.2272.96 Mobile Safari/537.36 (compatible; Googlebot/2.1; +http://www.google.com/bot.html)"
66.249.79.124 - - [20/Sep/2018:09:08:25 +0000] "GET /bldeas-college-of-engineering/saroja-gour/2bl17cs075/ HTTP/1.1" 200 3352 "-" "Mozilla/5.0 (compatible; Googlebot/2.1; +http://www.google.com/bot.html)"
66.249.79.122 - - [20/Sep/2018:09:08:25 +0000] "GET /sri-tontadaraya-college-of-engineering/sameer-h-dadappanavar/2tg17cv025/ HTTP/1.1" 200 3370 "-" "Mozilla/5.0 (compatible; Googlebot/2.1; +http://www.google.com/bot.html)"
40.77.167.110 - - [20/Sep/2018:09:08:58 +0000] "GET /no-result/4gh16cs031/ HTTP/1.1" 200 2724 "-" "Mozilla/5.0 (compatible; bingbot/2.0; +http://www.bing.com/bingbot.htm)"
66.249.79.124 - - [20/Sep/2018:09:09:03 +0000] "GET /moodlakatti-institute-of-techonology/megharaj-s-r/4mk17cv010/ HTTP/1.1" 200 3363 "-" "Mozilla/5.0 (compatible; Googlebot/2.1; +http://www.google.com/bot.html)"
66.249.79.124 - - [20/Sep/2018:09:09:08 +0000] "GET /anjuman-institute-of-technology-and-management/fahad-abdul-hameed/2ab09me026/ HTTP/1.1" 200 3725 "-" "Mozilla/5.0 (compatible; Googlebot/2.1; +http://www.google.com/bot.html)"
66.249.79.122 - - [20/Sep/2018:09:09:23 +0000] "GET /moodlakatti-institute-of-techonology/akasha-shetty/4mk17cv002/ HTTP/1.1" 200 3407 "-" "Mozilla/5.0 (compatible; Googlebot/2.1; +http://www.google.com/bot.html)"
66.249.79.122 - - [20/Sep/2018:09:09:58 +0000] "GET /r-r-institute-of-technology/amit-singh-rajput/1ri17cs008/ HTTP/1.1" 200 3368 "-" "Mozilla/5.0 (compatible; Googlebot/2.1; +http://www.google.com/bot.html)"
66.249.79.122 - - [20/Sep/2018:09:10:22 +0000] "GET /jain-college-of-engineering/renuka-rajesh-patil/2ji17cv039/ HTTP/1.1" 200 3364 "-" "Mozilla/5.0 (compatible; Googlebot/2.1; +http://www.google.com/bot.html)"
66.249.79.124 - - [20/Sep/2018:09:10:52 +0000] "GET /cmr-institute-of-technology/vaibhav-gupta/1cr17ec209/ HTTP/1.1" 200 3361 "-" "Mozilla/5.0 (compatible; Googlebot/2.1; +http://www.google.com/bot.html)"
66.249.79.124 - - [20/Sep/2018:09:10:54 +0000] "GET /sjb-institute-of-technology/apoorva/1jb14cv011/ HTTP/1.1" 200 3341 "-" "Mozilla/5.0 (Linux; Android 6.0.1; Nexus 5X Build/MMB29P) AppleWebKit/537.36 (KHTML, like Gecko) Chrome/41.0.2272.96 Mobile Safari/537.36 (compatible; Googlebot/2.1; +http://www.google.com/bot.html)"
66.249.79.126 - - [20/Sep/2018:09:11:25 +0000] "GET /vishwanatha-rao-deshpande-rural-institute-of-technology/shreesha-a-rao/2vd17cs039/ HTTP/1.1" 200 3411 "-" "Mozilla/5.0 (compatible; Googlebot/2.1; +http://www.google.com/bot.html)"
66.249.79.122 - - [20/Sep/2018:09:11:55 +0000] "GET /agm-rural-college-of-engineering-technology/tippanna/2av17cv013/ HTTP/1.1" 200 3411 "-" "Mozilla/5.0 (compatible; Googlebot/2.1; +http://www.google.com/bot.html)"
66.249.79.124 - - [20/Sep/2018:09:12:26 +0000] "GET /kalpataru-institute-of-technology/yashas-k-p/1ki17me044/ HTTP/1.1" 200 3356 "-" "Mozilla/5.0 (compatible; Googlebot/2.1; +http://www.google.com/bot.html)"
66.249.79.124 - - [20/Sep/2018:09:12:48 +0000] "GET /kalpataru-institute-of-technology/varun/1ki12cs100/ HTTP/1.1" 200 3519 "-" "Mozilla/5.0 (compatible; Googlebot/2.1; +http://www.google.com/bot.html)"
66.249.79.122 - - [20/Sep/2018:09:12:53 +0000] "GET /alvas-inst-of-engg-and-technology/charan-m-s/4al17me018/ HTTP/1.1" 200 3355 "-" "Mozilla/5.0 (compatible; Googlebot/2.1; +http://www.google.com/bot.html)"
1.39.165.193 - - [20/Sep/2018:09:13:02 +0000] "GET /sitemap-acharaya-patha-shalaaps-college-of-engg-1.xml HTTP/1.1" 200 480222 "-" "libtorrent/1.1.6.0"
66.249.79.122 - - [20/Sep/2018:09:13:20 +0000] "GET /jawaharlal-nehru-national-college-of-enginering/ranjith-n-b/4jn17me078/ HTTP/1.1" 200 3375 "-" "Mozilla/5.0 (compatible; Googlebot/2.1; +http://www.google.com/bot.html)"
66.249.79.124 - - [20/Sep/2018:09:13:47 +0000] "GET /sjb-institute-of-technology/varun-n/1jb14ec116/ HTTP/1.1" 200 3350 "-" "Mozilla/5.0 (Linux; Android 6.0.1; Nexus 5X Build/MMB29P) AppleWebKit/537.36 (KHTML, like Gecko) Chrome/41.0.2272.96 Mobile Safari/537.36 (compatible; Googlebot/2.1; +http://www.google.com/bot.html)"
207.46.13.216 - - [20/Sep/2018:09:13:57 +0000] "GET /sitemap-rajiv-gandhi-institute-of-technology-1.xml HTTP/1.1" 200 537918 "-" "Mozilla/5.0 (compatible; bingbot/2.0; +http://www.bing.com/bingbot.htm)"
207.46.13.126 - - [20/Sep/2018:09:14:55 +0000] "GET /no-result/4pm14mba76/ HTTP/1.1" 200 2727 "-" "Mozilla/5.0 (compatible; bingbot/2.0; +http://www.bing.com/bingbot.htm)"
66.249.79.122 - - [20/Sep/2018:09:16:29 +0000] "GET /govt-engineering-college-hassan/4gh13ec019/2773386/result/ HTTP/1.1" 200 3262 "-" "Mozilla/5.0 (compatible; Googlebot/2.1; +http://www.google.com/bot.html)"
66.249.79.126 - - [20/Sep/2018:09:18:01 +0000] "GET /sjb-institute-of-technology/pavan-l/1jb11ec069/ HTTP/1.1" 200 3497 "-" "Mozilla/5.0 (Linux; Android 6.0.1; Nexus 5X Build/MMB29P) AppleWebKit/537.36 (KHTML, like Gecko) Chrome/41.0.2272.96 Mobile Safari/537.36 (compatible; Googlebot/2.1; +http://www.google.com/bot.html)"
66.249.79.122 - - [20/Sep/2018:09:18:27 +0000] "GET /sitemap-east-point-college-of-engineering-and-technology-1.xml HTTP/1.1" 200 1009481 "-" "Mozilla/5.0 (compatible; Googlebot/2.1; +http://www.google.com/bot.html)"
66.249.79.122 - - [20/Sep/2018:09:18:28 +0000] "GET /ubdt-engineering-college-davanagere/chetan-s/4ub13me403/ HTTP/1.1" 200 3633 "-" "Mozilla/5.0 (compatible; Googlebot/2.1; +http://www.google.com/bot.html)"
66.249.79.122 - - [20/Sep/2018:09:18:39 +0000] "GET /vishwanatha-rao-deshpande-rural-institute-of-technology/krishnaji-hanumanthappa-pawar/2vd17cs015/ HTTP/1.1" 200 3433 "-" "Mozilla/5.0 (compatible; Googlebot/2.1; +http://www.google.com/bot.html)"
66.249.79.126 - - [20/Sep/2018:09:19:10 +0000] "GET /bldeas-college-of-engineering/timmanna-bandivaddar/2bl17cs094/ HTTP/1.1" 200 3369 "-" "Mozilla/5.0 (compatible; Googlebot/2.1; +http://www.google.com/bot.html)"
40.77.167.108 - - [20/Sep/2018:09:19:21 +0000] "GET /no-result/1sv13me013/ HTTP/1.1" 200 2726 "-" "Mozilla/5.0 (compatible; bingbot/2.0; +http://www.bing.com/bingbot.htm)"
66.249.79.124 - - [20/Sep/2018:09:19:32 +0000] "GET /sjb-institute-of-technology/sachinl/1jb11ee044/ HTTP/1.1" 200 3582 "-" "Mozilla/5.0 (Linux; Android 6.0.1; Nexus 5X Build/MMB29P) AppleWebKit/537.36 (KHTML, like Gecko) Chrome/41.0.2272.96 Mobile Safari/537.36 (compatible; Googlebot/2.1; +http://www.google.com/bot.html)"
66.249.79.122 - - [20/Sep/2018:09:19:39 +0000] "GET /r-r-institute-of-technology/amarjeet-singh/1ri17cs007/ HTTP/1.1" 200 3362 "-" "Mozilla/5.0 (compatible; Googlebot/2.1; +http://www.google.com/bot.html)"
66.249.79.124 - - [20/Sep/2018:09:20:09 +0000] "GET /rural-engineering-college-hulkoti/2rh10ec010/1601769/result/ HTTP/1.1" 200 3286 "-" "Mozilla/5.0 (compatible; Googlebot/2.1; +http://www.google.com/bot.html)"
66.249.79.122 - - [20/Sep/2018:09:20:09 +0000] "GET /vishwanatha-rao-deshpande-rural-institute-of-technology/suraj-jeeragal/2vd17cs045/ HTTP/1.1" 200 3447 "-" "Mozilla/5.0 (compatible; Googlebot/2.1; +http://www.google.com/bot.html)"
66.249.79.124 - - [20/Sep/2018:09:20:39 +0000] "GET /agm-rural-college-of-engineering-technology/ameena-mokashi/2av17cv003/ HTTP/1.1" 200 3381 "-" "Mozilla/5.0 (compatible; Googlebot/2.1; +http://www.google.com/bot.html)"
66.249.79.122 - - [20/Sep/2018:09:21:09 +0000] "GET /achutha-institute-of-technology/sagar-s/1ao17cv003/ HTTP/1.1" 200 3383 "-" "Mozilla/5.0 (compatible; Googlebot/2.1; +http://www.google.com/bot.html)"
66.249.79.122 - - [20/Sep/2018:09:21:18 +0000] "GET /sitemap-g-madegowda-institute-of-technology-1.xml.gz HTTP/1.1" 200 311902 "-" "Mozilla/5.0 (compatible; Googlebot/2.1; +http://www.google.com/bot.html)"
66.249.79.122 - - [20/Sep/2018:09:21:39 +0000] "GET /bldeas-college-of-engineering/vidyashree-patil/2bl17cs101/ HTTP/1.1" 200 3356 "-" "Mozilla/5.0 (compatible; Googlebot/2.1; +http://www.google.com/bot.html)"
66.249.79.126 - - [20/Sep/2018:09:22:10 +0000] "GET /cmr-institute-of-technology/rajat-dubey/1cr17ec150/ HTTP/1.1" 200 3357 "-" "Mozilla/5.0 (compatible; Googlebot/2.1; +http://www.google.com/bot.html)"
66.249.79.124 - - [20/Sep/2018:09:22:40 +0000] "GET /jain-college-of-engineering/shweta-munnole/2ji17cv050/ HTTP/1.1" 200 3342 "-" "Mozilla/5.0 (compatible; Googlebot/2.1; +http://www.google.com/bot.html)"
66.249.79.122 - - [20/Sep/2018:09:23:10 +0000] "GET /kalpataru-institute-of-technology/a-p-nishanth/1ki17me001/ HTTP/1.1" 200 3358 "-" "Mozilla/5.0 (compatible; Googlebot/2.1; +http://www.google.com/bot.html)"
66.249.79.124 - - [20/Sep/2018:09:23:16 +0000] "GET /sjb-institute-of-technology/brundak/1jb11ec018/ HTTP/1.1" 200 3577 "-" "Mozilla/5.0 (Linux; Android 6.0.1; Nexus 5X Build/MMB29P) AppleWebKit/537.36 (KHTML, like Gecko) Chrome/41.0.2272.96 Mobile Safari/537.36 (compatible; Googlebot/2.1; +http://www.google.com/bot.html)"
66.249.79.122 - - [20/Sep/2018:09:23:39 +0000] "GET /nie-inst-of-technology/shashank-k-p/4nn17ec034/ HTTP/1.1" 200 3358 "-" "Mozilla/5.0 (compatible; Googlebot/2.1; +http://www.google.com/bot.html)"
207.46.13.126 - - [20/Sep/2018:09:23:44 +0000] "GET /no-result/4gh14ec054/ HTTP/1.1" 200 2726 "-" "Mozilla/5.0 (compatible; bingbot/2.0; +http://www.bing.com/bingbot.htm)"
66.249.79.122 - - [20/Sep/2018:09:23:48 +0000] "GET /bgsinstitute-of-techonology/yukthi-b-r/4bw11lvs18/ HTTP/1.1" 200 3392 "-" "Mozilla/5.0 (compatible; Googlebot/2.1; +http://www.google.com/bot.html)"
207.46.13.126 - - [20/Sep/2018:09:24:59 +0000] "GET /no-result/4gh11me013/ HTTP/1.1" 200 2725 "-" "Mozilla/5.0 (compatible; bingbot/2.0; +http://www.bing.com/bingbot.htm)"
66.249.79.126 - - [20/Sep/2018:09:25:17 +0000] "GET /sjb-institute-of-technology/suhas-m/1jb11cs168/ HTTP/1.1" 200 3505 "-" "Mozilla/5.0 (Linux; Android 6.0.1; Nexus 5X Build/MMB29P) AppleWebKit/537.36 (KHTML, like Gecko) Chrome/41.0.2272.96 Mobile Safari/537.36 (compatible; Googlebot/2.1; +http://www.google.com/bot.html)"
66.249.79.122 - - [20/Sep/2018:09:25:48 +0000] "GET /sitemap-sri-belimatha-maha-sahamsthana-institute-of-technology-1.xml HTTP/1.1" 200 38859 "-" "Mozilla/5.0 (compatible; Googlebot/2.1; +http://www.google.com/bot.html)"
203.110.91.82 - - [20/Sep/2018:09:26:32 +0000] "GET /sitemap-shaikh-college-of-engineering-and-technology-1.xml HTTP/2.0" 200 328403 "https://www.google.com/" "Mozilla/5.0 (Windows NT 10.0; Win64; x64) AppleWebKit/537.36 (KHTML, like Gecko) Chrome/68.0.3440.106 Safari/537.36"
203.110.91.82 - - [20/Sep/2018:09:26:35 +0000] "GET /favicon.ico HTTP/2.0" 404 213 "https://www.myvturesults.com/sitemap-shaikh-college-of-engineering-and-technology-1.xml" "Mozilla/5.0 (Windows NT 10.0; Win64; x64) AppleWebKit/537.36 (KHTML, like Gecko) Chrome/68.0.3440.106 Safari/537.36"
66.249.79.126 - - [20/Sep/2018:09:27:29 +0000] "GET /shirdi-sai-engineering-college/yashu-u-k/1sb10cs097/ HTTP/1.1" 200 3539 "-" "Mozilla/5.0 (compatible; Googlebot/2.1; +http://www.google.com/bot.html)"
66.249.79.124 - - [20/Sep/2018:09:28:09 +0000] "GET /sjb-institute-of-technology/varunvn/1jb11me056/ HTTP/1.1" 200 3487 "-" "Mozilla/5.0 (Linux; Android 6.0.1; Nexus 5X Build/MMB29P) AppleWebKit/537.36 (KHTML, like Gecko) Chrome/41.0.2272.96 Mobile Safari/537.36 (compatible; Googlebot/2.1; +http://www.google.com/bot.html)"
40.77.167.110 - - [20/Sep/2018:09:28:11 +0000] "GET /no-result/1am16mba46/ HTTP/1.1" 200 2724 "-" "Mozilla/5.0 (compatible; bingbot/2.0; +http://www.bing.com/bingbot.htm)"
66.249.79.122 - - [20/Sep/2018:09:28:12 +0000] "GET /jawaharlal-nehru-national-college-of-enginering/ahmed-raza/4jn17me008/ HTTP/1.1" 200 3374 "-" "Mozilla/5.0 (compatible; Googlebot/2.1; +http://www.google.com/bot.html)"
66.249.79.122 - - [20/Sep/2018:09:28:12 +0000] "GET /cmr-institute-of-technology/t-rohanchetanya-reddy/1cr17ec200/ HTTP/1.1" 200 3373 "-" "Mozilla/5.0 (compatible; Googlebot/2.1; +http://www.google.com/bot.html)"
66.249.79.124 - - [20/Sep/2018:09:28:47 +0000] "GET /jain-college-of-engineering/azizulhaq-inamulhaq-shah/2ji17cv005/ HTTP/1.1" 200 3357 "-" "Mozilla/5.0 (compatible; Googlebot/2.1; +http://www.google.com/bot.html)"
66.249.79.126 - - [20/Sep/2018:09:29:23 +0000] "GET /bldeas-college-of-engineering/vijaya-jadhav/2bl17cs102/ HTTP/1.1" 200 3356 "-" "Mozilla/5.0 (compatible; Googlebot/2.1; +http://www.google.com/bot.html)"
66.249.79.124 - - [20/Sep/2018:09:30:00 +0000] "GET /cmr-institute-of-technology/nithish-kumar-k-l/1cr17ec123/ HTTP/1.1" 200 3368 "-" "Mozilla/5.0 (compatible; Googlebot/2.1; +http://www.google.com/bot.html)"
66.249.79.122 - - [20/Sep/2018:09:30:36 +0000] "GET /bldeas-college-of-engineering/suma-ashok-ijeri/2bl17cs091/ HTTP/1.1" 200 3358 "-" "Mozilla/5.0 (compatible; Googlebot/2.1; +http://www.google.com/bot.html)"
66.249.79.126 - - [20/Sep/2018:09:31:01 +0000] "GET /sjb-institute-of-technology/sagarvv/1jb12ee406/ HTTP/1.1" 200 3584 "-" "Mozilla/5.0 (Linux; Android 6.0.1; Nexus 5X Build/MMB29P) AppleWebKit/537.36 (KHTML, like Gecko) Chrome/41.0.2272.96 Mobile Safari/537.36 (compatible; Googlebot/2.1; +http://www.google.com/bot.html)"
66.249.79.122 - - [20/Sep/2018:09:31:08 +0000] "GET /rural-engineering-college-hulkoti/2rh10cv036/1600327/result/ HTTP/1.1" 200 3264 "-" "Mozilla/5.0 (compatible; Googlebot/2.1; +http://www.google.com/bot.html)"
66.249.79.122 - - [20/Sep/2018:09:31:12 +0000] "GET /jain-college-of-engineering/harsh-jeetendra-jain/2ji17cv013/ HTTP/1.1" 200 3362 "-" "Mozilla/5.0 (compatible; Googlebot/2.1; +http://www.google.com/bot.html)"
66.249.79.122 - - [20/Sep/2018:09:31:48 +0000] "GET /bldeas-college-of-engineering/mahinoor-sindagiri/2bl17cs029/ HTTP/1.1" 200 3366 "-" "Mozilla/5.0 (compatible; Googlebot/2.1; +http://www.google.com/bot.html)"
66.249.79.126 - - [20/Sep/2018:09:32:38 +0000] "GET /cmr-institute-of-technology/reshma-r-rao/1cr17ec155/ HTTP/1.1" 200 3357 "-" "Mozilla/5.0 (compatible; Googlebot/2.1; +http://www.google.com/bot.html)"
66.249.79.124 - - [20/Sep/2018:09:33:03 +0000] "GET /s-g-balekundri-inst-of-tech/shrinath-shrirang-kulkarni/2bu17me059/ HTTP/1.1" 200 3368 "-" "Mozilla/5.0 (compatible; Googlebot/2.1; +http://www.google.com/bot.html)"
66.249.79.122 - - [20/Sep/2018:09:33:45 +0000] "GET /alvas-inst-of-engg-and-technology/rohan-prabhu/4al17me053/ HTTP/1.1" 200 3363 "-" "Mozilla/5.0 (compatible; Googlebot/2.1; +http://www.google.com/bot.html)"
66.249.79.122 - - [20/Sep/2018:09:33:52 +0000] "GET /sjb-institute-of-technology/yatin-s/1jb15me108/ HTTP/1.1" 200 3342 "-" "Mozilla/5.0 (Linux; Android 6.0.1; Nexus 5X Build/MMB29P) AppleWebKit/537.36 (KHTML, like Gecko) Chrome/41.0.2272.96 Mobile Safari/537.36 (compatible; Googlebot/2.1; +http://www.google.com/bot.html)"
66.249.79.126 - - [20/Sep/2018:09:34:23 +0000] "GET /vivekananda-college-of-engineering-and-technology/rahul-bhaskar-achary/4vp17cv038/ HTTP/1.1" 200 3397 "-" "Mozilla/5.0 (compatible; Googlebot/2.1; +http://www.google.com/bot.html)"
66.249.79.122 - - [20/Sep/2018:09:34:48 +0000] "GET /bldeas-college-of-engineering/varsha/2bl15cs118/ HTTP/1.1" 200 3343 "-" "Mozilla/5.0 (compatible; Googlebot/2.1; +http://www.google.com/bot.html)"
66.249.79.124 - - [20/Sep/2018:09:36:14 +0000] "GET /btlinstitute-of-technology/reddappa-g-r/1bt13cv028/ HTTP/1.1" 200 3512 "-" "Mozilla/5.0 (compatible; Googlebot/2.1; +http://www.google.com/bot.html)"
66.249.79.122 - - [20/Sep/2018:09:37:59 +0000] "GET /sjb-institute-of-technology/navya-c/1jb13cs088/ HTTP/1.1" 200 3460 "-" "Mozilla/5.0 (Linux; Android 6.0.1; Nexus 5X Build/MMB29P) AppleWebKit/537.36 (KHTML, like Gecko) Chrome/41.0.2272.96 Mobile Safari/537.36 (compatible; Googlebot/2.1; +http://www.google.com/bot.html)"
66.249.79.224 - - [20/Sep/2018:09:38:09 +0000] "GET /ads.txt HTTP/1.1" 301 194 "-" "Mozilla/5.0 (compatible; Googlebot/2.1; +http://www.google.com/bot.html)"
66.249.79.124 - - [20/Sep/2018:09:38:10 +0000] "GET /cmr-institute-of-technology/nawaz-sarmast/1cr17ec118/ HTTP/1.1" 200 3361 "-" "Mozilla/5.0 (compatible; Googlebot/2.1; +http://www.google.com/bot.html)"
66.249.79.124 - - [20/Sep/2018:09:38:10 +0000] "GET /agm-rural-college-of-engineering-technology/arunkumar/2av17cv005/ HTTP/1.1" 200 3413 "-" "Mozilla/5.0 (compatible; Googlebot/2.1; +http://www.google.com/bot.html)"
66.249.79.124 - - [20/Sep/2018:09:38:11 +0000] "GET /agm-rural-college-of-engineering-technology/arunkumar/2av17cv005/ HTTP/1.1" 200 3413 "-" "Mozilla/5.0 (compatible; Googlebot/2.1; +http://www.google.com/bot.html)"
207.46.13.126 - - [20/Sep/2018:09:38:24 +0000] "GET /no-result/1am11mca71/ HTTP/1.1" 200 2724 "-" "Mozilla/5.0 (compatible; bingbot/2.0; +http://www.bing.com/bingbot.htm)"
66.249.79.122 - - [20/Sep/2018:09:38:28 +0000] "GET /brindavan-college-of-engg/shehala-t-a/1bo17cs099/ HTTP/1.1" 200 3347 "-" "Mozilla/5.0 (compatible; Googlebot/2.1; +http://www.google.com/bot.html)"
66.249.79.122 - - [20/Sep/2018:09:38:44 +0000] "GET /cmr-institute-of-technology/basavarajeshwari/1cr17ec404/ HTTP/1.1" 200 3418 "-" "Mozilla/5.0 (compatible; Googlebot/2.1; +http://www.google.com/bot.html)"
66.249.79.124 - - [20/Sep/2018:09:39:18 +0000] "GET /sjb-institute-of-technology/anveshs/1jb14me019/ HTTP/1.1" 200 3344 "-" "Mozilla/5.0 (compatible; Googlebot/2.1; +http://www.google.com/bot.html)"
66.249.79.122 - - [20/Sep/2018:09:39:37 +0000] "GET /sjb-institute-of-technology/kavya-r/1jb08is041/ HTTP/1.1" 200 3444 "-" "Mozilla/5.0 (Linux; Android 6.0.1; Nexus 5X Build/MMB29P) AppleWebKit/537.36 (KHTML, like Gecko) Chrome/41.0.2272.96 Mobile Safari/537.36 (compatible; Googlebot/2.1; +http://www.google.com/bot.html)"
66.249.79.122 - - [20/Sep/2018:09:39:51 +0000] "GET /nie-inst-of-technology/prathimashree-s-r/4nn17ec024/ HTTP/1.1" 200 3358 "-" "Mozilla/5.0 (compatible; Googlebot/2.1; +http://www.google.com/bot.html)"
66.249.79.122 - - [20/Sep/2018:09:41:00 +0000] "GET /nie-inst-of-technology/vandana-venkatesh-bharadwaj/4nn17ec042/ HTTP/1.1" 200 3376 "-" "Mozilla/5.0 (compatible; Googlebot/2.1; +http://www.google.com/bot.html)"
66.249.79.124 - - [20/Sep/2018:09:41:35 +0000] "GET /cmr-institute-of-technology/apeksha-a-pattanshetty/1cr17ec030/ HTTP/1.1" 200 3374 "-" "Mozilla/5.0 (compatible; Googlebot/2.1; +http://www.google.com/bot.html)"
66.249.79.126 - - [20/Sep/2018:09:42:09 +0000] "GET /cmr-institute-of-technology/tharuna-s/1cr17ec205/ HTTP/1.1" 200 3363 "-" "Mozilla/5.0 (compatible; Googlebot/2.1; +http://www.google.com/bot.html)"
66.249.79.126 - - [20/Sep/2018:09:42:09 +0000] "GET /acharya-nrv-school-of-architecture/1aa13at002/54961/result/ HTTP/1.1" 200 3245 "-" "Mozilla/5.0 (compatible; Googlebot/2.1; +http://www.google.com/bot.html)"
66.249.79.122 - - [20/Sep/2018:09:42:43 +0000] "GET /nie-inst-of-technology/prashanth-k-s/4nn17ec023/ HTTP/1.1" 200 3352 "-" "Mozilla/5.0 (compatible; Googlebot/2.1; +http://www.google.com/bot.html)"
1.39.165.193 - - [20/Sep/2018:09:43:06 +0000] "GET /sitemap-acharaya-patha-shalaaps-college-of-engg-1.xml HTTP/1.1" 200 480222 "-" "libtorrent/1.1.6.0"
66.249.79.122 - - [20/Sep/2018:09:43:20 +0000] "GET /cmr-institute-of-technology/monica-b/1cr17ec110/ HTTP/1.1" 200 3349 "-" "Mozilla/5.0 (compatible; Googlebot/2.1; +http://www.google.com/bot.html)"
66.249.79.122 - - [20/Sep/2018:09:43:22 +0000] "GET /sjb-institute-of-technology/shriraj/1jb11cs156/ HTTP/1.1" 200 3494 "-" "Mozilla/5.0 (Linux; Android 6.0.1; Nexus 5X Build/MMB29P) AppleWebKit/537.36 (KHTML, like Gecko) Chrome/41.0.2272.96 Mobile Safari/537.36 (compatible; Googlebot/2.1; +http://www.google.com/bot.html)"
66.249.79.124 - - [20/Sep/2018:09:43:50 +0000] "GET /s-g-balekundri-inst-of-tech/shivakumar-balekundri/2bu17me057/ HTTP/1.1" 200 3350 "-" "Mozilla/5.0 (compatible; Googlebot/2.1; +http://www.google.com/bot.html)"
